#
# There is insufficient memory for the Java Runtime Environment to continue.
# Native memory allocation (mmap) failed to map 402653184 bytes for G1 virtual space
# Possible reasons:
#   The system is out of physical RAM or swap space
#   The process is running with CompressedOops enabled, and the Java Heap may be blocking the growth of the native heap
# Possible solutions:
#   Reduce memory load on the system
#   Increase physical memory or swap space
#   Check if swap backing store is full
#   Decrease Java heap size (-Xmx/-Xms)
#   Decrease number of Java threads
#   Decrease Java thread stack sizes (-Xss)
#   Set larger code cache with -XX:ReservedCodeCacheSize=
#   JVM is running with Zero Based Compressed Oops mode in which the Java heap is
#     placed in the first 32GB address space. The Java Heap base address is the
#     maximum limit for the native heap growth. Please use -XX:HeapBaseMinAddress
#     to set the Java Heap base and to place the Java Heap above 32GB virtual address.
# This output file may be truncated or incomplete.
#
#  Out of Memory Error (os_windows.cpp:3600), pid=36784, tid=6784
#
# JRE version:  (21.0.3+7) (build )
# Java VM: Java HotSpot(TM) 64-Bit Server VM (21.0.3+7-LTS-152, mixed mode, emulated-client, sharing, tiered, compressed oops, compressed class ptrs, g1 gc, windows-amd64)
# No core dump will be written. Minidumps are not enabled by default on client versions of Windows
#

---------------  S U M M A R Y ------------

Command Line: -XX:TieredStopAtLevel=1 -Dspring.output.ansi.enabled=always -Dcom.sun.management.jmxremote -Dspring.jmx.enabled=true -Dspring.liveBeansView.mbeanDomain -Dspring.application.admin.enabled=true -Dmanagement.endpoints.jmx.exposure.include=* -javaagent:D:\JetBrains\IntelliJ IDEA 2025.3.3\lib\idea_rt.jar=65183 -Dfile.encoding=UTF-8 -Dsun.stdout.encoding=UTF-8 -Dsun.stderr.encoding=UTF-8 iuh.fit.user_service.UserServiceApplication

Host: 11th Gen Intel(R) Core(TM) i5-11400H @ 2.70GHz, 12 cores, 23G,  Windows 11 , 64 bit Build 26100 (10.0.26100.8328)
Time: Mon Jun  1 23:45:13 2026 SE Asia Standard Time elapsed time: 2.039689 seconds (0d 0h 0m 2s)

---------------  T H R E A D  ---------------

Current thread (0x00000126ec557fa0):  JavaThread "Unknown thread" [_thread_in_vm, id=6784, stack(0x0000001394d00000,0x0000001394e00000) (1024K)]

Stack: [0x0000001394d00000,0x0000001394e00000]
Native frames: (J=compiled Java code, j=interpreted, Vv=VM code, C=native code)
V  [jvm.dll+0x6c63b9]
V  [jvm.dll+0x84fa11]
V  [jvm.dll+0x851f3e]
V  [jvm.dll+0x852613]
V  [jvm.dll+0x27cd46]
V  [jvm.dll+0x6c2b55]
V  [jvm.dll+0x6b76da]
V  [jvm.dll+0x35051a]
V  [jvm.dll+0x358176]
V  [jvm.dll+0x3aa84e]
V  [jvm.dll+0x3aaaf8]
V  [jvm.dll+0x32491c]
V  [jvm.dll+0x32547b]
V  [jvm.dll+0x818f69]
V  [jvm.dll+0x3b7771]
V  [jvm.dll+0x802358]
V  [jvm.dll+0x44c7ce]
V  [jvm.dll+0x44e2a1]
C  [jli.dll+0x52a3]
C  [ucrtbase.dll+0x37b0]
C  [KERNEL32.DLL+0x2e957]
C  [ntdll.dll+0x427c]


---------------  P R O C E S S  ---------------

Threads class SMR info:
_java_thread_list=0x00007ff9f9371b88, length=0, elements={
}

Java Threads: ( => current thread )
Total: 0

Other Threads:
  0x00000126ec5dd710 WorkerThread "GC Thread#0"                     [id=33212, stack(0x0000001394e00000,0x0000001394f00000) (1024K)]
  0x00000126ec5ea450 ConcurrentGCThread "G1 Main Marker"            [id=3084, stack(0x0000001394f00000,0x0000001395000000) (1024K)]
  0x00000126ec5eb170 WorkerThread "G1 Conc#0"                       [id=19692, stack(0x0000001395000000,0x0000001395100000) (1024K)]

[error occurred during error reporting (printing all threads), id 0xc0000005, EXCEPTION_ACCESS_VIOLATION (0xc0000005) at pc=0x00007ff9f8ae7077]
VM state: not at safepoint (not fully initialized)

VM Mutex/Monitor currently owned by a thread:  ([mutex/lock_event])
[0x00007ff9f93e2ea8] Heap_lock - owner thread: 0x00000126ec557fa0

Heap address: 0x0000000683400000, size: 6092 MB, Compressed Oops mode: Zero based, Oop shift amount: 3

CDS archive(s) mapped at: [0x0000000000000000-0x0000000000000000-0x0000000000000000), size 0, SharedBaseAddress: 0x0000000800000000, ArchiveRelocationMode: 1.
Narrow klass base: 0x0000000000000000, Narrow klass shift: 0, Narrow klass range: 0x0

GC Precious Log:
 CardTable entry size: 512
 Card Set container configuration: InlinePtr #cards 4 size 8 Array Of Cards #cards 32 size 80 Howl #buckets 8 coarsen threshold 7372 Howl Bitmap #cards 1024 size 144 coarsen threshold 921 Card regions per heap region 1 cards per card region 8192

Heap:
 garbage-first heap   total 0K, used 0K [0x0000000683400000, 0x0000000800000000)
  region size 4096K, 0 young (0K), 0 survivors (0K)

[error occurred during error reporting (printing heap information), id 0xc0000005, EXCEPTION_ACCESS_VIOLATION (0xc0000005) at pc=0x00007ff9f8ece669]
GC Heap History (0 events):
No events

Dll operation events (1 events):
Event: 0.017 Loaded shared library C:\Program Files\Java\jdk-21\bin\java.dll

Deoptimization events (0 events):
No events

Classes loaded (0 events):
No events

Classes unloaded (0 events):
No events

Classes redefined (0 events):
No events

Internal exceptions (0 events):
No events

ZGC Phase Switch (0 events):
No events

VM Operations (0 events):
No events

Events (0 events):
No events


Dynamic libraries:
0x00007ff686590000 - 0x00007ff6865a0000 	C:\Program Files\Java\jdk-21\bin\java.exe
0x00007ffa2e620000 - 0x00007ffa2e887000 	C:\WINDOWS\SYSTEM32\ntdll.dll
0x00007ffa2d950000 - 0x00007ffa2da19000 	C:\WINDOWS\System32\KERNEL32.DLL
0x00007ffa2bfa0000 - 0x00007ffa2c397000 	C:\WINDOWS\System32\KERNELBASE.dll
0x00007ffa2b390000 - 0x00007ffa2b4db000 	C:\WINDOWS\System32\ucrtbase.dll
0x00007ff9f9780000 - 0x00007ff9f9799000 	C:\Program Files\Java\jdk-21\bin\jli.dll
0x00007ffa2db90000 - 0x00007ffa2dc46000 	C:\WINDOWS\System32\ADVAPI32.dll
0x00007ffa2da20000 - 0x00007ffa2dac9000 	C:\WINDOWS\System32\msvcrt.dll
0x00007ff9f9760000 - 0x00007ff9f977b000 	C:\Program Files\Java\jdk-21\bin\VCRUNTIME140.dll
0x00007ffa2d500000 - 0x00007ffa2d5a7000 	C:\WINDOWS\System32\sechost.dll
0x00007ffa2e250000 - 0x00007ffa2e368000 	C:\WINDOWS\System32\RPCRT4.dll
0x00007ffa2d780000 - 0x00007ffa2d946000 	C:\WINDOWS\System32\USER32.dll
0x00007ffa2b650000 - 0x00007ffa2b677000 	C:\WINDOWS\System32\win32u.dll
0x00007ffa11720000 - 0x00007ffa119b2000 	C:\WINDOWS\WinSxS\amd64_microsoft.windows.common-controls_6595b64144ccf1df_6.0.26100.8457_none_3e0b2faee331e92d\COMCTL32.dll
0x00007ffa2dfe0000 - 0x00007ffa2e00b000 	C:\WINDOWS\System32\GDI32.dll
0x00007ffa2b0e0000 - 0x00007ffa2b20c000 	C:\WINDOWS\System32\gdi32full.dll
0x00007ffa2bef0000 - 0x00007ffa2bf93000 	C:\WINDOWS\System32\msvcp_win.dll
0x00007ffa1e190000 - 0x00007ffa1e19b000 	C:\WINDOWS\SYSTEM32\VERSION.dll
0x00007ffa2dad0000 - 0x00007ffa2db02000 	C:\WINDOWS\System32\IMM32.DLL
0x00007ff9fe380000 - 0x00007ff9fe38c000 	C:\Program Files\Java\jdk-21\bin\vcruntime140_1.dll
0x00007ff9f94c0000 - 0x00007ff9f954e000 	C:\Program Files\Java\jdk-21\bin\msvcp140.dll
0x00007ff9f87b0000 - 0x00007ff9f94bd000 	C:\Program Files\Java\jdk-21\bin\server\jvm.dll
0x00007ffa2cce0000 - 0x00007ffa2cd60000 	C:\WINDOWS\System32\WS2_32.dll
0x00007ffa29c50000 - 0x00007ffa29cae000 	C:\WINDOWS\SYSTEM32\POWRPROF.dll
0x00007ffa15780000 - 0x00007ffa157b6000 	C:\WINDOWS\SYSTEM32\WINMM.dll
0x00007ffa29c30000 - 0x00007ffa29c44000 	C:\WINDOWS\SYSTEM32\UMPDC.dll
0x00007ffa29f00000 - 0x00007ffa29f1b000 	C:\WINDOWS\SYSTEM32\kernel.appcore.dll
0x00007ff9f8690000 - 0x00007ff9f869a000 	C:\Program Files\Java\jdk-21\bin\jimage.dll
0x00007ffa28fd0000 - 0x00007ffa29212000 	C:\WINDOWS\SYSTEM32\DBGHELP.DLL
0x00007ffa2dc50000 - 0x00007ffa2dfd3000 	C:\WINDOWS\System32\combase.dll
0x00007ffa2d640000 - 0x00007ffa2d719000 	C:\WINDOWS\System32\OLEAUT32.dll
0x00007ffa11290000 - 0x00007ffa112cb000 	C:\WINDOWS\SYSTEM32\dbgcore.DLL
0x00007ffa2b4e0000 - 0x00007ffa2b588000 	C:\WINDOWS\System32\bcryptPrimitives.dll
0x00007ffa23bd0000 - 0x00007ffa23bdf000 	C:\Program Files\Java\jdk-21\bin\instrument.dll
0x00007ff9f8670000 - 0x00007ff9f868f000 	C:\Program Files\Java\jdk-21\bin\java.dll

dbghelp: loaded successfully - version: 4.0.5 - missing functions: none
symbol engine: initialized successfully - sym options: 0x614 - pdb path: .;C:\Program Files\Java\jdk-21\bin;C:\WINDOWS\SYSTEM32;C:\WINDOWS\WinSxS\amd64_microsoft.windows.common-controls_6595b64144ccf1df_6.0.26100.8457_none_3e0b2faee331e92d;C:\Program Files\Java\jdk-21\bin\server

VM Arguments:
jvm_args: -XX:TieredStopAtLevel=1 -Dspring.output.ansi.enabled=always -Dcom.sun.management.jmxremote -Dspring.jmx.enabled=true -Dspring.liveBeansView.mbeanDomain -Dspring.application.admin.enabled=true -Dmanagement.endpoints.jmx.exposure.include=* -javaagent:D:\JetBrains\IntelliJ IDEA 2025.3.3\lib\idea_rt.jar=65183 -Dfile.encoding=UTF-8 -Dsun.stdout.encoding=UTF-8 -Dsun.stderr.encoding=UTF-8 
java_command: iuh.fit.user_service.UserServiceApplication
java_class_path (initial): D:\TaiLieuDH_CacMon\Nam4\ki2\cnm\UniCall\Backend\user-service\target\classes;D:\dev\maven-repo\repository\org\springframework\boot\spring-boot-starter-data-jpa\4.0.3\spring-boot-starter-data-jpa-4.0.3.jar;D:\dev\maven-repo\repository\org\springframework\boot\spring-boot-starter\4.0.3\spring-boot-starter-4.0.3.jar;D:\dev\maven-repo\repository\org\springframework\boot\spring-boot-starter-logging\4.0.3\spring-boot-starter-logging-4.0.3.jar;D:\dev\maven-repo\repository\ch\qos\logback\logback-classic\1.5.32\logback-classic-1.5.32.jar;D:\dev\maven-repo\repository\ch\qos\logback\logback-core\1.5.32\logback-core-1.5.32.jar;D:\dev\maven-repo\repository\org\apache\logging\log4j\log4j-to-slf4j\2.25.3\log4j-to-slf4j-2.25.3.jar;D:\dev\maven-repo\repository\org\apache\logging\log4j\log4j-api\2.25.3\log4j-api-2.25.3.jar;D:\dev\maven-repo\repository\org\slf4j\jul-to-slf4j\2.0.17\jul-to-slf4j-2.0.17.jar;D:\dev\maven-repo\repository\org\springframework\boot\spring-boot-autoconfigure\4.0.3\spring-boot-autoconfigure-4.0.3.jar;D:\dev\maven-repo\repository\jakarta\annotation\jakarta.annotation-api\3.0.0\jakarta.annotation-api-3.0.0.jar;D:\dev\maven-repo\repository\org\yaml\snakeyaml\2.5\snakeyaml-2.5.jar;D:\dev\maven-repo\repository\org\springframework\boot\spring-boot-starter-jdbc\4.0.3\spring-boot-starter-jdbc-4.0.3.jar;D:\dev\maven-repo\repository\com\zaxxer\HikariCP\7.0.2\HikariCP-7.0.2.jar;D:\dev\maven-repo\repository\org\springframework\boot\spring-boot-data-jpa\4.0.3\spring-boot-data-jpa-4.0.3.jar;D:\dev\maven-repo\repository\org\springframework\boot\spring-boot-data-commons\4.0.3\spring-boot-data-commons-4.0.3.jar;D:\dev\maven-repo\repository\org\springframework\boot\spring-boot-persistence\4.0.3\spring-boot-persistence-4.0.3.jar;D:\dev\maven-repo\repository\org\springframework\boot\spring-boot-hibernate\4.0.3\spring-boot-hibernate-4.0.3.jar;D:\dev\maven-repo\repository\org\springframework\boot\spring-boot-jpa\4.0.3\spring-boot-jpa-4.0.3.jar;D:\dev\maven-repo\repository\org\hibernate\orm\hibernate-core\7.2.4.Final\hibernate-core-7.2.4.Final.jar;D:\dev\maven-repo\repository\jakarta\transaction\jakarta.transaction-api\2.0.1\jakarta.transaction-api-2.0.1.jar;D:\dev\maven-repo\repository\org\hibernate\models\hibernate-models\1.0.1\hibernate-models-1.0.1.jar;D:\dev\maven-repo\repository\org\glassfish\jaxb\jaxb-runtime\4.0.6\jaxb-runtime-4.0.6.jar;D:\dev\maven-repo\repository\org\glassfish\jaxb\jaxb-core\4.0.6\jaxb-core-4.0.6.jar;D:\dev\maven-repo\repository\org\eclipse\angus\angus-activation\2.0.3\angus-activation-2.0.3.jar;D:\dev\maven-repo\repository\org\glassfish\jaxb\txw2\4.0.6\txw2-4.0.6.jar;D:\dev\maven-repo\repository\com\sun\istack\istack-commons-runtime\4.1.2\istack-commons-runtime-4.1.2.jar;D:\dev\maven-repo\repository\org\springframework\spring-aspects\7.0.5\spring-aspects-7.0.5.jar;D:\dev\maven-repo\repository\org\aspectj\aspectjweaver\1.9.25.1\aspectjweaver-1.9.25.1.jar;D:\dev\maven-repo\repository\org\springframework\boot\spring-boot-jdbc\4.0.3\spring-boot-jdbc-4.0.3.jar;D:\dev\maven-repo\repository\org\springframework\boot\spring-boot\4.0.3\spring-boot-4.0.3.jar;D:\dev\maven-repo\repository\org\springframework\boot\spring-boot-sql\4.0.3\spring-boot-sql-4.0.3.jar;D:\dev\maven-repo\repository\org\springframework\boot\spring-boot-transaction\4.0.3\spring-boot-transaction-4.0.3.jar;D:\dev\maven-repo\repository\org\springframework\spring-jdbc\7.0.5\spring-jdbc-7.0.5.jar;D:\dev\maven-repo\repository\org\springframework\boot\spring-boot-starter-validation\4.0.3\spring-boot-starter-validation-4.0.3.jar;D:\dev\maven-repo\repository\org\springframework\boot\spring-boot-validation\4.0.3\spring-boot-validation-4.0.3.jar;D:\dev\maven-repo\repository\org\apache\tomcat\embed\tomcat-embed-el\11.0.18\tomcat-embed-el-11.0.18.jar;D:\dev\maven-repo\repository\org\hibernate\validator\hibernate-validator\9.0.1.Final\hibernate-validator-9.0.1.Final.jar;D:\dev\maven-repo\repository\jakarta\validation\jakarta.validation-api\3.1.1\jakarta.validation-api-3.1.1.jar;D:\dev\maven-repo\repository\org\jboss\logging\jboss-logging\3.6.2.Final\jboss-logging-3.6.2.Final.jar;D:\dev\maven-repo\repository\com\fasterxml\classmate\1.7.3\classmate-1.7.3.jar;D:\dev\maven-repo\repository\org\springframework\boot\spring-boot-starter-webmvc\4.0.3\spring-boot-starter-webmvc-4.0.3.jar;D:\dev\maven-repo\repository\org\springframework\boot\spring-boot-starter-jackson\4.0.3\spring-boot-starter-jackson-4.0.3.jar;D:\dev\maven-repo\repository\org\springframework\boot\spring-boot-jackson\4.0.3\spring-boot-jackson-4.0.3.jar;D:\dev\maven-repo\repository\tools\jackson\core\jackson-databind\3.0.4\jackson-databind-3.0.4.jar;D:\dev\maven-repo\repository\tools\jackson\core\jackson-core\3.0.4\jackson-core-3.0.4.jar;D:\dev\maven-repo\repository\org\springframework\boot\spring-boot-starter-tomcat\4.0.3\spring-boot-starter-tomcat-4.0.3.jar;D:\dev\maven-repo\repository\org\springframework\boot\spring-boot-starter-tomcat-runtime\4.0.3\spring-boot-starter-tomcat-runtime-4.0.3.jar;D:\dev\maven-repo\repository\org\apache\tomcat\embed\tomcat-embed-core\11.0.18\tomcat-embed-core-11.0.18.jar;D:\dev\maven-repo\repository\org\apache\tomcat\embed\tomcat-embed-websocket\11.0.18\tomcat-embed-websocket-11.0.18.jar;D:\dev\maven-repo\repository\org\springframework\boot\spring-boot-tomcat\4.0.3\spring-boot-tomcat-4.0.3.jar;D:\dev\maven-repo\repository\org\springframework\boot\spring-boot-http-converter\4.0.3\spring-boot-http-converter-4.0.3.jar;D:\dev\maven-repo\repository\org\springframework\spring-web\7.0.5\spring-web-7.0.5.jar;D:\dev\maven-repo\repository\io\micrometer\micrometer-observation\1.16.3\micrometer-observation-1.16.3.jar;D:\dev\maven-repo\repository\io\micrometer\micrometer-commons\1.16.3\micrometer-commons-1.16.3.jar;D:\dev\maven-repo\repository\org\springframework\boot\spring-boot-webmvc\4.0.3\spring-boot-webmvc-4.0.3.jar;D:\dev\maven-repo\repository\org\springframework\boot\spring-boot-servlet\4.0.3\spring-boot-servlet-4.0.3.jar;D:\dev\maven-repo\repository\org\springframework\spring-webmvc\7.0.5\spring-webmvc-7.0.5.jar;D:\dev\maven-repo\repository\org\springframework\spring-expression\7.0.5\spring-expression-7.0.5.jar;D:\dev\maven-repo\repository\org\springframework\boot\spring-boot-starter-security\4.0.3\spring-boot-starter-security-4.0.3.jar;D:\dev\maven-repo\repository\org\springframework\boot\spring-boot-security\4.0.3\spring-boot-security-4.0.3.jar;D:\dev\maven-repo\repository\org\springframework\security\spring-security-config\7.0.3\spring-security-config-7.0.3.jar;D:\dev\maven-repo\repository\org\springframework\security\spring-security-core\7.0.3\spring-security-core-7.0.3.jar;D:\dev\maven-repo\repository\org\springframework\security\spring-security-web\7.0.3\spring-security-web-7.0.3.jar;D:\dev\maven-repo\repository\org\springframework\spring-aop\7.0.5\spring-aop-7.0.5.jar;D:\dev\maven-repo\repository\org\springframework\spring-beans\7.0.5\spring-beans-7.0.5.jar;D:\dev\maven-repo\repository\org\springframework\spring-core\7.0.5\spring-core-7.0.5.jar;D:\dev\maven-repo\repository\commons-logging\commons-logging\1.3.5\commons-logging-1.3.5.jar;D:\dev\maven-repo\repository\org\springframework\boot\spring-boot-starter-oauth2-resource-server\4.0.3\spring-boot-starter-oauth2-resource-server-4.0.3.jar;D:\dev\maven-repo\repository\org\springframework\boot\spring-boot-security-oauth2-resource-server\4.0.3\spring-boot-security-oauth2-resource-server-4.0.3.jar;D:\dev\maven-repo\repository\org\springframework\security\spring-security-oauth2-jose\7.0.3\spring-security-oauth2-jose-7.0.3.jar;D:\dev\maven-repo\repository\org\springframework\security\spring-security-oauth2-core\7.0.3\spring-security-oauth2-core-7.0.3.jar;D:\dev\maven-repo\repository\com\nimbusds\nimbus-jose-jwt\10.4\nimbus-jose-jwt-10.4.jar;D:\dev\maven-repo\repository\org\springframework\security\spring-security-oauth2-resource-server\7.0.3\spring-security-oauth2-resource-server-7.0.3.jar;D:\dev\maven-repo\repository\org\springframework\cloud\spring-cloud-starter-netflix-eureka-client\5.0.0\spring-cloud-starter-netflix-eureka-client-5.0.0.jar;D:\dev\maven-repo\repository\org\springframework\cloud\spring-cloud-starter\5.0.0\spring-cloud-starter-5.0.0.jar;D:\dev\maven-repo\repository\org\springframework\cloud\spring-cloud-context\5.0.0\spring-cloud-context-5.0.0.jar;D:\dev\maven-repo\repository\org\springframework\security\spring-security-crypto\7.0.3\spring-security-crypto-7.0.3.jar;D:\dev\maven-repo\repository\org\springframework\cloud\spring-cloud-commons\5.0.0\spring-cloud-commons-5.0.0.jar;D:\dev\maven-repo\repository\org\bouncycastle\bcprov-jdk18on\1.81\bcprov-jdk18on-1.81.jar;D:\dev\maven-repo\repository\org\springframework\cloud\spring-cloud-netflix-eureka-client\5.0.0\spring-cloud-netflix-eureka-client-5.0.0.jar;D:\dev\maven-repo\repository\org\springframework\boot\spring-boot-jackson2\4.0.3\spring-boot-jackson2-4.0.3.jar;D:\dev\maven-repo\repository\com\fasterxml\jackson\datatype\jackson-datatype-jdk8\2.20.2\jackson-datatype-jdk8-2.20.2.jar;D:\dev\maven-repo\repository\com\fasterxml\jackson\datatype\jackson-datatype-jsr310\2.20.2\jackson-datatype-jsr310-2.20.2.jar;D:\dev\maven-repo\repository\com\fasterxml\jackson\module\jackson-module-parameter-names\2.20.2\jackson-module-parameter-names-2.20.2.jar;D:\dev\maven-repo\repository\org\apache\httpcomponents\client5\httpclient5\5.5.2\httpclient5-5.5.2.jar;D:\dev\maven-repo\repository\org\apache\httpcomponents\core5\httpcore5\5.3.6\httpcore5-5.3.6.jar;D:\dev\maven-repo\repository\org\apache\httpcomponents\core5\httpcore5-h2\5.3.6\httpcore5-h2-5.3.6.jar;D:\dev\maven-repo\repository\com\netflix\eureka\eureka-client\2.0.5\eureka-client-2.0.5.jar;D:\dev\maven-repo\repository\com\thoughtworks\xstream\xstream\1.4.21\xstream-1.4.21.jar;D:\dev\maven-repo\repository\io\github\x-stream\mxparser\1.2.2\mxparser-1.2.2.jar;D:\dev\maven-repo\repository\xmlpull\xmlpull\1.1.3.1\xmlpull-1.1.3.1.jar;D:\dev\maven-repo\repository\jakarta\ws\rs\jakarta.ws.rs-api\4.0.0\jakarta.ws.rs-api-4.0.0.jar;D:\dev\maven-repo\repository\jakarta\inject\jakarta.inject-api\2.0.1\jakarta.inject-api-2.0.1.jar;D:\dev\maven-repo\repository\com\netflix\spectator\spectator-api\1.7.3\spectator-api-1.7.3.jar;D:\dev\maven-repo\repository\org\slf4j\slf4j-api\2.0.17\slf4j-api-2.0.17.jar;D:\dev\maven-repo\repository\org\apache\httpcomponents\httpclient\4.5.3\httpclient-4.5.3.jar;D:\dev\maven-repo\repository\org\apache\httpcomponents\httpcore\4.4.16\httpcore-4.4.16.jar;D:\dev\maven-repo\repository\commons-codec\commons-codec\1.19.0\commons-codec-1.19.0.jar;D:\dev\maven-repo\repository\commons-configuration\commons-configuration\1.10\commons-configuration-1.10.jar;D:\dev\maven-repo\repository\commons-lang\commons-lang\2.6\commons-lang-2.6.jar;D:\dev\maven-repo\repository\com\fasterxml\jackson\core\jackson-annotations\2.20\jackson-annotations-2.20.jar;D:\dev\maven-repo\repository\com\fasterxml\jackson\core\jackson-core\2.20.2\jackson-core-2.20.2.jar;D:\dev\maven-repo\repository\com\fasterxml\jackson\core\jackson-databind\2.20.2\jackson-databind-2.20.2.jar;D:\dev\maven-repo\repository\com\netflix\netflix-commons\netflix-eventbus\0.3.0\netflix-eventbus-0.3.0.jar;D:\dev\maven-repo\repository\com\netflix\netflix-commons\netflix-infix\0.3.0\netflix-infix-0.3.0.jar;D:\dev\maven-repo\repository\commons-jxpath\commons-jxpath\1.3\commons-jxpath-1.3.jar;D:\dev\maven-repo\repository\joda-time\joda-time\2.3\joda-time-2.3.jar;D:\dev\maven-repo\repository\org\antlr\antlr-runtime\3.4\antlr-runtime-3.4.jar;D:\dev\maven-repo\repository\org\antlr\stringtemplate\3.2.1\stringtemplate-3.2.1.jar;D:\dev\maven-repo\repository\antlr\antlr\2.7.7\antlr-2.7.7.jar;D:\dev\maven-repo\repository\com\netflix\servo\servo-core\0.5.3\servo-core-0.5.3.jar;D:\dev\maven-repo\repository\org\apache\commons\commons-math\2.2\commons-math-2.2.jar;D:\dev\maven-repo\repository\org\codehaus\jettison\jettison\1.5.4\jettison-1.5.4.jar;D:\dev\maven-repo\repository\org\springframework\cloud\spring-cloud-starter-loadbalancer\5.0.0\spring-cloud-starter-loadbalancer-5.0.0.jar;D:\dev\maven-repo\repository\org\springframework\cloud\spring-cloud-loadbalancer\5.0.0\spring-cloud-loadbalancer-5.0.0.jar;D:\dev\maven-repo\repository\io\projectreactor\reactor-core\3.8.3\reactor-core-3.8.3.jar;D:\dev\maven-repo\repository\org\reactivestreams\reactive-streams\1.0.4\reactive-streams-1.0.4.jar;D:\dev\maven-repo\repository\io\projectreactor\addons\reactor-extra\3.6.0\reactor-extra-3.6.0.jar;D:\dev\maven-repo\repository\org\springframework\boot\spring-boot-starter-cache\4.0.3\spring-boot-starter-cache-4.0.3.jar;D:\dev\maven-repo\repository\org\springframework\boot\spring-boot-cache\4.0.3\spring-boot-cache-4.0.3.jar;D:\dev\maven-repo\repository\org\springframework\spring-context-support\7.0.5\spring-context-support-7.0.5.jar;D:\dev\maven-repo\repository\com\stoyanr\evictor\1.0.0\evictor-1.0.0.jar;D:\dev\maven-repo\repository\com\mysql\mysql-connector-j\9.6.0\mysql-connector-j-9.6.0.jar;D:\TaiLieuDH_CacMon\Nam4\ki2\cnm\UniCall\Backend\common-service\target\classes;D:\dev\maven-repo\repository\org\springframework\boot\spring-boot-starter-web\4.0.3\spring-boot-starter-web-4.0.3.jar;D:\dev\maven-repo\repository\org\springframework\data\spring-data-jpa\4.0.3\spring-data-jpa-4.0.3.jar;D:\dev\maven-repo\repository\org\springframework\data\spring-data-commons\4.0.3\spring-data-commons-4.0.3.jar;D:\dev\maven-repo\repository\org\springframework\spring-orm\7.0.5\spring-orm-7.0.5.jar;D:\dev\maven-repo\repository\org\springframework\spring-context\7.0.5\spring-context-7.0.5.jar;D:\dev\maven-repo\repository\org\springframework\spring-tx\7.0.5\spring-tx-7.0.5.jar;D:\dev\maven-repo\repository\org\antlr\antlr4-runtime\4.13.2\antlr4-runtime-4.13.2.jar;D:\dev\maven-repo\repository\jakarta\persistence\jakarta.persistence-api\3.2.0\jakarta.persistence-api-3.2.0.jar;D:\TaiLieuDH_CacMon\Nam4\ki2\cnm\UniCall\Backend\proto-common\target\classes;D:\dev\maven-repo\repository\io\grpc\grpc-netty-shaded\1.77.1\grpc-netty-shaded-1.77.1.jar;D:\dev\maven-repo\repository\io\grpc\grpc-util\1.77.1\grpc-util-1.77.1.jar;D:\dev\maven-repo\repository\io\grpc\grpc-core\1.77.1\grpc-core-1.77.1.jar;D:\dev\maven-repo\repository\com\google\code\gson\gson\2.13.2\gson-2.13.2.jar;D:\dev\maven-repo\repository\com\google\android\annotations\4.1.1.4\annotations-4.1.1.4.jar;D:\dev\maven-repo\repository\io\grpc\grpc-context\1.77.1\grpc-context-1.77.1.jar;D:\dev\maven-repo\repository\com\google\guava\guava\33.4.8-android\guava-33.4.8-android.jar;D:\dev\maven-repo\repository\com\google\guava\failureaccess\1.0.3\failureaccess-1.0.3.jar;D:\dev\maven-repo\repository\com\google\guava\listenablefuture\9999.0-empty-to-avoid-conflict-with-guava\listenablefuture-9999.0-empty-to-avoid-conflict-with-guava.jar;D:\dev\maven-repo\repository\org\jspecify\jspecify\1.0.0\jspecify-1.0.0.jar;D:\dev\maven-repo\repository\com\google\j2objc\j2objc-annotations\3.0.0\j2objc-annotations-3.0.0.jar;D:\dev\maven-repo\repository\com\google\errorprone\error_prone_annotations\2.36.0\error_prone_annotations-2.36.0.jar;D:\dev\maven-repo\repository\io\perfmark\perfmark-api\0.27.0\perfmark-api-0.27.0.jar;D:\dev\maven-repo\repository\io\grpc\grpc-api\1.77.1\grpc-api-1.77.1.jar;D:\dev\maven-repo\repository\org\codehaus\mojo\animal-sniffer-annotations\1.24\animal-sniffer-annotations-1.24.jar;D:\dev\maven-repo\repository\io\grpc\grpc-protobuf\1.77.1\grpc-protobuf-1.77.1.jar;D:\dev\maven-repo\repository\com\google\code\findbugs\jsr305\3.0.2\jsr305-3.0.2.jar;D:\dev\maven-repo\repository\com\google\protobuf\protobuf-java\3.25.8\protobuf-java-3.25.8.jar;D:\dev\maven-repo\repository\com\google\api\grpc\proto-google-common-protos\2.59.2\proto-google-common-protos-2.59.2.jar;D:\dev\maven-repo\repository\io\grpc\grpc-protobuf-lite\1.77.1\grpc-protobuf-lite-1.77.1.jar;D:\dev\maven-repo\repository\io\grpc\grpc-stub\1.77.1\grpc-stub-1.77.1.jar;D:\dev\maven-repo\repository\javax\annotation\javax.annotation-api\1.3.2\javax.annotation-api-1.3.2.jar;D:\dev\maven-repo\repository\org\projectlombok\lombok\1.18.42\lombok-1.18.42.jar;D:\dev\maven-repo\repository\jakarta\xml\bind\jakarta.xml.bind-api\4.0.4\jakarta.xml.bind-api-4.0.4.jar;D:\dev\maven-repo\repository\jakarta\activation\jakarta.activation-api\2.1.4\jakarta.activation-api-2.1.4.jar;D:\dev\maven-repo\repository\net\bytebuddy\byte-buddy\1.17.8\byte-buddy-1.17.8.jar;D:\dev\maven-repo\repository\org\springframework\boot\spring-boot-web-server\4.0.3\spring-boot-web-server-4.0.3.jar
Launcher Type: SUN_STANDARD

[Global flags]
     intx CICompilerCount                          = 4                                         {product} {ergonomic}
     uint ConcGCThreads                            = 3                                         {product} {ergonomic}
     uint G1ConcRefinementThreads                  = 10                                        {product} {ergonomic}
   size_t G1HeapRegionSize                         = 4194304                                   {product} {ergonomic}
    uintx GCDrainStackTargetSize                   = 64                                        {product} {ergonomic}
   size_t InitialHeapSize                          = 402653184                                 {product} {ergonomic}
     bool ManagementServer                         = true                                      {product} {command line}
   size_t MarkStackSize                            = 4194304                                   {product} {ergonomic}
   size_t MaxHeapSize                              = 6387924992                                {product} {ergonomic}
   size_t MinHeapDeltaBytes                        = 4194304                                   {product} {ergonomic}
   size_t MinHeapSize                              = 8388608                                   {product} {ergonomic}
    uintx NonNMethodCodeHeapSize                   = 4096                                   {pd product} {ergonomic}
    uintx NonProfiledCodeHeapSize                  = 0                                      {pd product} {ergonomic}
     bool ProfileInterpreter                       = false                                  {pd product} {command line}
    uintx ProfiledCodeHeapSize                     = 0                                      {pd product} {ergonomic}
   size_t SoftMaxHeapSize                          = 6387924992                             {manageable} {ergonomic}
     intx TieredStopAtLevel                        = 1                                         {product} {command line}
     bool UseCompressedOops                        = true                           {product lp64_product} {ergonomic}
     bool UseG1GC                                  = true                                      {product} {ergonomic}
     bool UseLargePagesIndividualAllocation        = false                                  {pd product} {ergonomic}

Logging:
Log output configuration:
 #0: stdout all=warning uptime,level,tags foldmultilines=false
 #1: stderr all=off uptime,level,tags foldmultilines=false

Environment Variables:
PATH=C:\oraclexe\app\oracle\product\11.2.0\server\bin;E:\bin\;C:\WINDOWS\system32;C:\WINDOWS;C:\WINDOWS\System32\Wbem;C:\WINDOWS\System32\WindowsPowerShell\v1.0\;C:\WINDOWS\System32\OpenSSH\;C:\Program Files\NVIDIA Corporation\NVIDIA NvDLISR;C:\Program Files\Microsoft VS Code\bin;D:\MinGW\bin;C:\WINDOWS\system32;C:\WINDOWS;C:\WINDOWS\System32\Wbem;C:\WINDOWS\System32\WindowsPowerShell\v1.0\;C:\WINDOWS\System32\OpenSSH\;C:\Program Files\Azure Data Studio\bin;C:\Program Files\Git\cmd;C:\Program Files\MongoDB\Server\6.0\bin\mongod.cfg;C:\Program Files\MongoDB\Tools\100\bin;C:\Program Files\Docker\Docker\resources\bin;C:\Users\Tam\AppData\Roaming\nvm;C:\Program Files\nodejs;C:\Program Files\Microsoft SQL Server\Client SDK\ODBC\170\Tools\Binn\;C:\Program Files (x86)\Microsoft SQL Server\150\Tools\Binn\;C:\Program Files\Microsoft SQL Server\150\Tools\Binn\;C:\Program Files\Microsoft SQL Server\150\DTS\Binn\;C:\Program Files (x86)\Microsoft SQL Server\160\DTS\Binn\;C:\Program Files\nodejs\;C:\Program Files (x86)\Windows Kits\10\Windows Performance Toolkit\;C:\Program Files\apache-maven-3.9.9\bin;C:\Program Files\Gradle\gradle-8.11.1\bin;C:\gradle-8.12;C:\Users\Tam\AppData\Local\Google\Cloud SDK\google-cloud-sdk\bin;C:\Program Files (x86)\NVIDIA Corporation\PhysX\Common;C:\Program Files\NVIDIA Corporation\NVIDIA App\NvDLISR;C:\Program Files\JetBrains\IntelliJ IDEA Ultimate 2023.3.1\bin;C:\Program Files\JetBrains\WebStorm 2024.1.3\bin;C:\Program Files\dotnet\;D:\AndroidStudioSDK\tools\bin;D:\AndroidStudioSDK\tools;D:\AndroidStudioSDK\emulator;D:\AndroidStudioSDK\platform-tools;D:\Redis\;C:\Program Files\MySQL\MySQL Shell 8.0\bin\;C:\Users\Tam\AppData\Local\Microsoft\WindowsApps;C:\Program Files\Azure Data Studio\bin;C:\Users\Tam\AppData\Local\Programs\mongosh\;C:\Program Files\MongoDB\Server\6.0\bin;C:\Users\Tam\AppData\Roaming\nvm;C:\Program Files\nodejs;C:\Program Files\JetBrains\WebStorm 2024.1.3\bin;C:\Users\Tam\AppData\Roaming\npm;C:\Program Files\MySQL\MySQL Server 8.0\bin;C:\Users\Tam\AppData\Local\Programs\Python\Launcher\;C:\Users\Tam\AppData\Local\Programs\Python\Python312;C:\Users\Tam\AppData\Local\Programs\Python\Python312\Scripts;C:\Program Files\Java\jdk-21\bin;D:\apache\apache-maven-3.9.9\bin;C:\Users\Tam\AppData\Local\Google\Cloud SDK\google-cloud-sdk\bin;C:\Program Files\PostgreSQL\17\bin;;C:\Users\Tam\AppData\Local\Microsoft\WindowsApps;C:\Users\Tam\.dotnet\tools;D:\JetBrains\IntelliJ IDEA 2025.3.3\bin
USERNAME=Tam
OS=Windows_NT
PROCESSOR_IDENTIFIER=Intel64 Family 6 Model 141 Stepping 1, GenuineIntel
TMP=C:\Users\Tam\AppData\Local\Temp
TEMP=C:\Users\Tam\AppData\Local\Temp




Periodic native trim disabled

---------------  S Y S T E M  ---------------

OS:
 Windows 11 , 64 bit Build 26100 (10.0.26100.8328)
OS uptime: 0 days 4:04 hours
Hyper-V role detected

CPU: total 12 (initial active 12) (6 cores per cpu, 2 threads per core) family 6 model 141 stepping 1 microcode 0x3c, cx8, cmov, fxsr, ht, mmx, 3dnowpref, sse, sse2, sse3, ssse3, sse4.1, sse4.2, popcnt, lzcnt, tsc, tscinvbit, avx, avx2, aes, erms, clmul, bmi1, bmi2, adx, avx512f, avx512dq, avx512cd, avx512bw, avx512vl, sha, fma, vzeroupper, avx512_vpopcntdq, avx512_vpclmulqdq, avx512_vaes, avx512_vnni, clflush, clflushopt, clwb, avx512_vbmi2, avx512_vbmi, hv, rdtscp, rdpid, fsrm, gfni, avx512_bitalg, f16c, cet_ibt, cet_ss, avx512_ifma
Processor Information for all 12 processors :
  Max Mhz: 2688, Current Mhz: 2688, Mhz Limit: 2688

Memory: 4k page, system-wide physical 24355M (869M free)
TotalPageFile size 48931M (AvailPageFile size 419M)
current process WorkingSet (physical memory assigned to process): 13M, peak: 13M
current process commit charge ("private bytes"): 59M, peak: 443M

vm_info: Java HotSpot(TM) 64-Bit Server VM (21.0.3+7-LTS-152) for windows-amd64 JRE (21.0.3+7-LTS-152), built on 2024-03-11T17:42:26Z by "mach5one" with MS VC++ 17.6 (VS2022)

END.
